Running Test 1 (Simple loop)...
{
  "verdict": "Accepted",
  "result": 10
}

Running Test 2 (Infinite loop)...
{
  "verdict": "Runtime Error",
  "error": "Infinite Loop Detected: Max iterations exceeded",
  "trace": "Traceback (most recent call last):\n  File \"d:\\Projects\\PYTHON-EDITOR\\tmp\\test_judge_logic.py\", line 80, in test_execution\n    result = target(*args)\n  File \"solution.py\", line 4, in solve\n  File \"d:\\Projects\\PYTHON-EDITOR\\tmp\\test_judge_logic.py\", line 26, in tick\n    raise LoopTimeoutError(\"Infinite Loop Detected: Max iterations exceeded\")\nLoopTimeoutError: Infinite Loop Detected: Max iterations exceeded\n"
}

Running Test 3 (1/0 error)...
{
  "verdict": "Runtime Error",
  "error": "division by zero",
  "trace": "Traceback (most recent call last):\n  File \"d:\\Projects\\PYTHON-EDITOR\\tmp\\test_judge_logic.py\", line 80, in test_execution\n    result = target(*args)\n  File \"solution.py\", line 4, in solve\nZeroDivisionError: division by zero\n"
}
